// Jest Snapshot v1, https://goo.gl/fbAQLP

exports[`Button component should render correctly 1`] = `
<button
  className="bg-blue-500 text-white px-4 py-2 rounded-md transition-all duration-300 ease-in-out hover:bg-blue-600 focus:outline-none focus:ring-2 focus:ring-blue-500 focus:ring-opacity-50 w-full disabled:opacity-50 disabled:cursor-not-allowed"
>
  Click me
</button>
`;
