// Jest Snapshot v1, https://goo.gl/fbAQLP

exports[`FormGroup component should render correctly 1`] = `
<div
  className="flex my-2"
>
  Click me
</div>
`;
